{
  "handle": "2",
  "ownerHandle": "0",
  "layers": {
    "0": {
      "frozen": false,
      "name": "0",
      "visible": true,
      "color": 16777215
    },
    "Layer 1": {
      "frozen": true,
      "name": "Layer 1",
      "visible": true,
      "color": 16777215
    }
  }
}